// Jest Snapshot v1, https://goo.gl/fbAQLP

exports[`Game track snapshot test. 1`] = `
<div
  className="game__track"
>
  <div
    className="track"
  >
    <button
      className="track__button track__button--play"
      type="button"
    />
    <div
      className="track__status"
    >
      <audio
        src="https://upload.wikimedia.org/wikipedia/commons/4/4e/BWV_543-fugue.ogg"
      />
    </div>
  </div>
</div>
`;
